# x; y; band 0 low; band 0 high; band 1 low; band 1 high
       500    0.20995    0.11204    0.39025   0.15159    0.28544
       750    0.57676    0.31074     1.0826   0.41368    0.80266
      1000     1.2611    0.65544     2.3581    0.9157     1.7099
      1250     2.7988     1.4551     5.1989    2.0058     3.9045
      1500     6.2047     3.2614     11.329    4.4087     8.7194
